[thevectorlab.net/flatlab/index.html]
[thevectorlab.net/flatlab/img/favicon.png]
[backblue.gif]
[fade.gif]
[index.html]
[thevectorlab.net/flatlab/css/bootstrap.min.css]
[thevectorlab.net/flatlab/css/bootstrap-reset.css]
[thevectorlab.net/flatlab/assets/font-awesome/css/font-awesome.css]
[thevectorlab.net/flatlab/css/owl.carousel.css]
[thevectorlab.net/flatlab/css/slidebars.css]
[thevectorlab.net/flatlab/css/style.css]
[thevectorlab.net/flatlab/css/style-responsive.css]
[thevectorlab.net/flatlab/index-2.html]
[thevectorlab.net/flatlab/img/avatar-mini.jpg]
[thevectorlab.net/flatlab/img/avatar-mini2.jpg]
[thevectorlab.net/flatlab/img/avatar-mini3.jpg]
[thevectorlab.net/flatlab/img/avatar-mini4.jpg]
[thevectorlab.net/flatlab/img/avatar1_small.jpg]
[thevectorlab.net/flatlab/login.html]
[thevectorlab.net/flatlab/boxed_page.html]
[thevectorlab.net/flatlab/horizontal_menu.html]
[thevectorlab.net/flatlab/header-color.html]
[thevectorlab.net/flatlab/mega_menu.html]
[thevectorlab.net/flatlab/language_switch_bar.html]
[thevectorlab.net/flatlab/email_template.html]
[thevectorlab.net/flatlab/general.html]
[thevectorlab.net/flatlab/buttons.html]
[thevectorlab.net/flatlab/modal.html]
[thevectorlab.net/flatlab/toastr.html]
[thevectorlab.net/flatlab/widget.html]
[thevectorlab.net/flatlab/slider.html]
[thevectorlab.net/flatlab/nestable.html]
[thevectorlab.net/flatlab/font_awesome.html]
[thevectorlab.net/flatlab/grids.html]
[thevectorlab.net/flatlab/calendar.html]
[thevectorlab.net/flatlab/gallery.html]
[thevectorlab.net/flatlab/todo_list.html]
[thevectorlab.net/flatlab/draggable_portlet.html]
[thevectorlab.net/flatlab/tree.html]
[thevectorlab.net/flatlab/form_component.html]
[thevectorlab.net/flatlab/advanced_form_components.html]
[thevectorlab.net/flatlab/form_wizard.html]
[thevectorlab.net/flatlab/form_validation.html]
[thevectorlab.net/flatlab/dropzone.html]
[thevectorlab.net/flatlab/inline_editor.html]
[thevectorlab.net/flatlab/image_cropping.html]
[thevectorlab.net/flatlab/file_upload.html]
[thevectorlab.net/flatlab/basic_table.html]
[thevectorlab.net/flatlab/responsive_table.html]
[thevectorlab.net/flatlab/dynamic_table.html]
[thevectorlab.net/flatlab/editable_table.html]
[thevectorlab.net/flatlab/inbox.html]
[thevectorlab.net/flatlab/inbox_details.html]
[thevectorlab.net/flatlab/morris.html]
[thevectorlab.net/flatlab/chartjs.html]
[thevectorlab.net/flatlab/flot_chart.html]
[thevectorlab.net/flatlab/xchart.html]
[thevectorlab.net/flatlab/product_list.html]
[thevectorlab.net/flatlab/product_details.html]
[thevectorlab.net/flatlab/google_maps.html]
[thevectorlab.net/flatlab/lobby.html]
[thevectorlab.net/flatlab/chat_room.html]
[thevectorlab.net/flatlab/blank.html]
[thevectorlab.net/flatlab/sidebar_closed.html]
[thevectorlab.net/flatlab/people_directory.html]
[thevectorlab.net/flatlab/coming_soon.html]
[thevectorlab.net/flatlab/lock_screen.html]
[thevectorlab.net/flatlab/profile.html]
[thevectorlab.net/flatlab/invoice.html]
[thevectorlab.net/flatlab/project_list.html]
[thevectorlab.net/flatlab/project_details.html]
[thevectorlab.net/flatlab/search_result.html]
[thevectorlab.net/flatlab/pricing_table.html]
[thevectorlab.net/flatlab/faq.html]
[thevectorlab.net/flatlab/fb_wall.html]
[thevectorlab.net/flatlab/404.html]
[thevectorlab.net/flatlab/500.html]
[thevectorlab.net/flatlab/img/avatar1.jpg]
[thevectorlab.net/flatlab/img/sm-img-1.jpg]
[thevectorlab.net/flatlab/img/sm-img-2.jpg]
[thevectorlab.net/flatlab/img/sm-img-3.jpg]
[thevectorlab.net/flatlab/img/ring.jpg]
[thevectorlab.net/flatlab/img/follower-avatar.jpg]
[thevectorlab.net/flatlab/img/chat-avatar2.jpg]
[thevectorlab.net/flatlab/img/chat-avatar.jpg]
[thevectorlab.net/flatlab/img/pro-ac-1.png]
[thevectorlab.net/flatlab/img/mail-avatar.jpg]
[thevectorlab.net/flatlab/js/jquery.js]
[thevectorlab.net/flatlab/js/jquery.dcjqaccordion.2.7.js]
[thevectorlab.net/flatlab/js/bootstrap.min.js]
[thevectorlab.net/flatlab/js/jquery.scrollTo.min.js]
[thevectorlab.net/flatlab/js/jquery.sparkline.js]
[thevectorlab.net/flatlab/js/jquery.nicescroll.js]
[thevectorlab.net/flatlab/assets/jquery-easy-pie-chart/jquery.easy-pie-chart.js]
[thevectorlab.net/flatlab/js/owl.carousel.js]
[thevectorlab.net/flatlab/js/jquery.customSelect.min.js]
[thevectorlab.net/flatlab/js/respond.min.js]
[thevectorlab.net/flatlab/js/slidebars.min.js]
[thevectorlab.net/flatlab/js/common-scripts.js]
[thevectorlab.net/flatlab/js/sparkline-chart.js]
[thevectorlab.net/flatlab/js/easy-pie-chart.js]
[thevectorlab.net/flatlab/js/count.js]
[thevectorlab.net/flatlab/index.html]
[thevectorlab.net/flatlab/img/favicon.html]
[thevectorlab.net/flatlab/fonts/glyphicons-halflings-regular.eot]
[thevectorlab.net/flatlab/fonts/glyphicons-halflings-regulard41d.eot]
[thevectorlab.net/flatlab/fonts/glyphicons-halflings-regular.woff]
[thevectorlab.net/flatlab/css/bootstrap.min.css]
[thevectorlab.net/flatlab/css/bootstrap-reset.css]
[thevectorlab.net/flatlab/assets/font-awesome/fonts/fontawesome-webfontba72.eot]
[thevectorlab.net/flatlab/assets/font-awesome/fonts/fontawesome-webfontd41d.eot]
[thevectorlab.net/flatlab/assets/font-awesome/fonts/fontawesome-webfontba72.woff]
[thevectorlab.net/flatlab/assets/font-awesome/css/font-awesome.css]
[thevectorlab.net/flatlab/assets/jquery-easy-pie-chart/jquery.easy-pie-chart.css]
[thevectorlab.net/flatlab/css/owl.carousel.css]
[thevectorlab.net/flatlab/css/slidebars.css]
[thevectorlab.net/flatlab/img/nav-expand.png]
[thevectorlab.net/flatlab/img/arrow-up.png]
[thevectorlab.net/flatlab/img/search-icon.png]
[thevectorlab.net/flatlab/img/chart-texture.jpg]
[thevectorlab.net/flatlab/img/left-arrow.png]
[thevectorlab.net/flatlab/img/right-arrow.png]
[thevectorlab.net/flatlab/img/404_icon.png]
[thevectorlab.net/flatlab/img/500_icon.png]
[thevectorlab.net/flatlab/img/input-spinner.gif]
[thevectorlab.net/flatlab/img/mask.png]
[thevectorlab.net/flatlab/img/checkbox/radio-off.png]
[thevectorlab.net/flatlab/img/checkbox/check-off.png]
[thevectorlab.net/flatlab/img/checkbox/check-on.png]
[thevectorlab.net/flatlab/img/checkbox/radio-on.png]
[thevectorlab.net/flatlab/img/customSelect-arrow.gif]
[thevectorlab.net/flatlab/img/lock-bg.jpg]
[thevectorlab.net/flatlab/img/chat-search.png]
[thevectorlab.net/flatlab/img/mega-menu/corner_image.jpg]
[thevectorlab.net/flatlab/img/search-icon-white.png]
[thevectorlab.net/flatlab/css/style.css]
[thevectorlab.net/flatlab/css/style-responsive.css]
[thevectorlab.net/flatlab/index-2.html]
[thevectorlab.net/flatlab/login.html]
[thevectorlab.net/flatlab/boxed_page.html]
[thevectorlab.net/flatlab/registration.html]
[thevectorlab.net/flatlab/js/hover-dropdown.js]
[thevectorlab.net/flatlab/horizontal_menu.html]
[thevectorlab.net/flatlab/img/green-bg.jpg]
[thevectorlab.net/flatlab/img/purple-bg.jpg]
[thevectorlab.net/flatlab/img/dark-bg.jpg]
[thevectorlab.net/flatlab/img/blue-bg.jpg]
[thevectorlab.net/flatlab/header-color.html]
[thevectorlab.net/flatlab/img/mega_icon1.png]
[thevectorlab.net/flatlab/img/mega_icon2.png]
[thevectorlab.net/flatlab/img/mega_icon3.png]
[thevectorlab.net/flatlab/img/mega_icon4.png]
[thevectorlab.net/flatlab/img/mega-menu/mega-menu-images1.jpg]
[thevectorlab.net/flatlab/img/mega-menu/mega-menu-images2.jpg]
[thevectorlab.net/flatlab/img/mega-menu/mega-menu-images3.jpg]
[thevectorlab.net/flatlab/img/mega-menu/mega-menu-images4.jpg]
[thevectorlab.net/flatlab/img/mega-menu/mega-menu-images5.jpg]
[thevectorlab.net/flatlab/mega_menu.html]
[thevectorlab.net/flatlab/img/mega-menu/mega-menu-images6.jpg]
[thevectorlab.net/flatlab/img/flags/us.png]
[thevectorlab.net/flatlab/img/flags/es.png]
[thevectorlab.net/flatlab/img/flags/de.png]
[thevectorlab.net/flatlab/img/flags/ru.png]
[thevectorlab.net/flatlab/img/flags/fr.png]
[thevectorlab.net/flatlab/language_switch_bar.html]
[thevectorlab.net/flatlab/img/email-img/icon-cal.png]
[thevectorlab.net/flatlab/img/email-img/icon-tel.png]
[thevectorlab.net/flatlab/img/email-img/vector-lab.jpg]
[thevectorlab.net/flatlab/img/email-img/main-img.png]
[thevectorlab.net/flatlab/img/email-img/image3.png]
[thevectorlab.net/flatlab/img/email-img/image4.png]
[thevectorlab.net/flatlab/img/email-img/banner.jpg]
[thevectorlab.net/flatlab/img/email-img/image2.png]
[thevectorlab.net/flatlab/img/email-img/image1.png]
[thevectorlab.net/flatlab/img/email-img/social-google.png]
[thevectorlab.net/flatlab/img/email-img/social-youtube.png]
[thevectorlab.net/flatlab/img/email-img/social-facebook.png]
[thevectorlab.net/flatlab/img/email-img/social-twitter.png]
[thevectorlab.net/flatlab/img/email-img/social-linkedin.png]
[thevectorlab.net/flatlab/email_template.html]
[thevectorlab.net/flatlab/assets/gritter/css/jquery.gritter.css]
[thevectorlab.net/flatlab/assets/gritter/js/jquery.gritter.js]
[thevectorlab.net/flatlab/js/jquery.pulsate.min.js]
[thevectorlab.net/flatlab/js/gritter.js]
[thevectorlab.net/flatlab/js/pulstate.js]
[thevectorlab.net/flatlab/general.html]
[thevectorlab.net/flatlab/buttons.html]
[thevectorlab.net/flatlab/modal.html]
[thevectorlab.net/flatlab/assets/toastr-master/toastr.css]
[thevectorlab.net/flatlab/assets/toastr-master/toastr.js]
[thevectorlab.net/flatlab/toastr.html]
[thevectorlab.net/flatlab/img/profile-avatar.jpg]
[thevectorlab.net/flatlab/img/product1.jpg]
[thevectorlab.net/flatlab/img/product2.png]
[thevectorlab.net/flatlab/img/product3.png]
[thevectorlab.net/flatlab/assets/jquery-knob/js/jquery.knob.js]
[thevectorlab.net/flatlab/widget.html]
[thevectorlab.net/flatlab/assets/jquery-ui/jquery-ui-1.10.1.custom.min.css]
[thevectorlab.net/flatlab/assets/jquery-ui/jquery-ui-1.10.1.custom.min.js]
[thevectorlab.net/flatlab/js/jquery.ui.touch-punch.min.js]
[thevectorlab.net/flatlab/js/sliders.js]
[thevectorlab.net/flatlab/slider.html]
[thevectorlab.net/flatlab/assets/nestable/jquery.nestable.css]
[thevectorlab.net/flatlab/assets/nestable/jquery.nestable.js]
[thevectorlab.net/flatlab/js/nestable.js]
[thevectorlab.net/flatlab/nestable.html]
[thevectorlab.net/flatlab/font_awesome.html]
[thevectorlab.net/flatlab/grids.html]
[thevectorlab.net/flatlab/assets/fullcalendar/fullcalendar/bootstrap-fullcalendar.css]
[thevectorlab.net/flatlab/js/jquery-ui-1.9.2.custom.min.js]
[thevectorlab.net/flatlab/assets/fullcalendar/fullcalendar/fullcalendar.min.js]
[thevectorlab.net/flatlab/js/external-dragging-calendar.js]
[thevectorlab.net/flatlab/calendar.html]
[thevectorlab.net/flatlab/img/favicon.jpg]
[thevectorlab.net/flatlab/assets/fancybox/source/jquery.fancybox.css]
[thevectorlab.net/flatlab/css/gallery.css]
[thevectorlab.net/flatlab/img/gallery/4.jpg]
[thevectorlab.net/flatlab/img/gallery/1.jpg]
[thevectorlab.net/flatlab/img/gallery/2.jpg]
[thevectorlab.net/flatlab/img/gallery/5.jpg]
[thevectorlab.net/flatlab/img/gallery/3.jpg]
[thevectorlab.net/flatlab/img/gallery/6.jpg]
[thevectorlab.net/flatlab/assets/fancybox/source/jquery.fancybox.js]
[thevectorlab.net/flatlab/js/modernizr.custom.js]
[thevectorlab.net/flatlab/js/toucheffects.js]
[thevectorlab.net/flatlab/gallery.html]
[code.jquery.com/ui/1.10.3/themes/smoothness/jquery-ui.css]
[thevectorlab.net/flatlab/css/tasks.css]
[thevectorlab.net/flatlab/js/tasks.js]
[thevectorlab.net/flatlab/todo_list.html]
[thevectorlab.net/flatlab/js/draggable-portlet.js]
[thevectorlab.net/flatlab/draggable_portlet.html]
[thevectorlab.net/flatlab/assets/fuelux/css/tree-style.css]
[thevectorlab.net/flatlab/assets/fuelux/js/tree.min.js]
[thevectorlab.net/flatlab/js/tree.js]
[thevectorlab.net/flatlab/tree.html]
[thevectorlab.net/flatlab/assets/bootstrap-datepicker/css/datepicker.css]
[thevectorlab.net/flatlab/assets/bootstrap-colorpicker/css/colorpicker.css]
[thevectorlab.net/flatlab/assets/bootstrap-daterangepicker/daterangepicker.css]
[thevectorlab.net/flatlab/js/bootstrap-switch.js]
[thevectorlab.net/flatlab/js/jquery.tagsinput.js]
[thevectorlab.net/flatlab/js/ga.js]
[thevectorlab.net/flatlab/assets/bootstrap-datepicker/js/bootstrap-datepicker.js]
[thevectorlab.net/flatlab/assets/bootstrap-daterangepicker/date.js]
[thevectorlab.net/flatlab/assets/bootstrap-daterangepicker/daterangepicker.js]
[thevectorlab.net/flatlab/assets/bootstrap-colorpicker/js/bootstrap-colorpicker.js]
[code.jquery.com/ui/1.10.3/jquery-ui.js]
[thevectorlab.net/flatlab/assets/ckeditor/ckeditor.js]
[thevectorlab.net/flatlab/assets/bootstrap-inputmask/bootstrap-inputmask.min.js]
[thevectorlab.net/flatlab/js/form-component.js]
[thevectorlab.net/flatlab/form_component.html]
[thevectorlab.net/flatlab/assets/bootstrap-fileupload/bootstrap-fileupload.css]
[thevectorlab.net/flatlab/assets/bootstrap-wysihtml5/bootstrap-wysihtml5.css]
[thevectorlab.net/flatlab/assets/bootstrap-timepicker/compiled/timepicker.css]
[thevectorlab.net/flatlab/assets/bootstrap-daterangepicker/daterangepicker-bs3.css]
[thevectorlab.net/flatlab/assets/bootstrap-datetimepicker/css/datetimepicker.css]
[thevectorlab.net/flatlab/assets/jquery-multi-select/css/multi-select.css]
[thevectorlab.net/flatlab/assets/summernote/dist/summernote.css]
[thevectorlab.net/flatlab/assets/fuelux/js/spinner.min.js]
[thevectorlab.net/flatlab/assets/bootstrap-fileupload/bootstrap-fileupload.js]
[thevectorlab.net/flatlab/assets/bootstrap-wysihtml5/wysihtml5-0.3.0.js]
[thevectorlab.net/flatlab/assets/bootstrap-wysihtml5/bootstrap-wysihtml5.js]
[thevectorlab.net/flatlab/assets/bootstrap-datetimepicker/js/bootstrap-datetimepicker.js]
[thevectorlab.net/flatlab/assets/bootstrap-daterangepicker/moment.min.js]
[thevectorlab.net/flatlab/assets/bootstrap-timepicker/js/bootstrap-timepicker.js]
[thevectorlab.net/flatlab/assets/jquery-multi-select/js/jquery.multi-select.js]
[thevectorlab.net/flatlab/assets/jquery-multi-select/js/jquery.quicksearch.js]
[thevectorlab.net/flatlab/assets/summernote/dist/summernote.min.js]
[thevectorlab.net/flatlab/js/advanced-form-components.js]
[thevectorlab.net/flatlab/advanced_form_components.html]
[thevectorlab.net/flatlab/css/jquery.steps.css]
[thevectorlab.net/flatlab/js/bootstrap-validator.min.js]
[thevectorlab.net/flatlab/js/jquery.steps.min.js]
[thevectorlab.net/flatlab/js/jquery.validate.min.js]
[thevectorlab.net/flatlab/form_wizard.html]
[thevectorlab.net/flatlab/js/jquery.stepy.js]
[thevectorlab.net/flatlab/js/form-validation-script.js]
[thevectorlab.net/flatlab/form_validation.html]
[thevectorlab.net/flatlab/assets/dropzone/css/dropzone.css]
[thevectorlab.net/flatlab/dropzone.html]
[thevectorlab.net/flatlab/inline_editor.html]
[thevectorlab.net/flatlab/assets/dropzone/dropzone.js]
[thevectorlab.net/flatlab/assets/jcrop/css/jquery.Jcrop.min.css]
[thevectorlab.net/flatlab/css/image-crop.css]
[thevectorlab.net/flatlab/assets/jcrop/js/jquery.color.js]
[thevectorlab.net/flatlab/assets/jcrop/js/jquery.Jcrop.min.js]
[thevectorlab.net/flatlab/js/form-image-crop.js]
[thevectorlab.net/flatlab/image_cropping.html]
[blueimp.github.io/Gallery/css/blueimp-gallery.min.css]
[thevectorlab.net/flatlab/assets/file-uploader/css/jquery.fileupload.css]
[thevectorlab.net/flatlab/assets/file-uploader/css/jquery.fileupload-ui.css]
[thevectorlab.net/flatlab/assets/file-uploader/js/vendor/jquery.ui.widget.js]
[blueimp.github.io/JavaScript-Templates/js/tmpl.min.js]
[blueimp.github.io/JavaScript-Load-Image/js/load-image.min.js]
[blueimp.github.io/JavaScript-Canvas-to-Blob/js/canvas-to-blob.min.js]
[blueimp.github.io/Gallery/js/jquery.blueimp-gallery.min.js]
[thevectorlab.net/flatlab/assets/file-uploader/js/jquery.iframe-transport.js]
[thevectorlab.net/flatlab/assets/file-uploader/js/jquery.fileupload.js]
[thevectorlab.net/flatlab/assets/file-uploader/js/jquery.fileupload-process.js]
[thevectorlab.net/flatlab/assets/file-uploader/js/jquery.fileupload-image.js]
[thevectorlab.net/flatlab/assets/file-uploader/js/jquery.fileupload-audio.js]
[thevectorlab.net/flatlab/assets/file-uploader/js/jquery.fileupload-video.js]
[thevectorlab.net/flatlab/assets/file-uploader/js/jquery.fileupload-validate.js]
[thevectorlab.net/flatlab/assets/file-uploader/js/jquery.fileupload-ui.js]
[thevectorlab.net/flatlab/assets/file-uploader/js/main.js]
[thevectorlab.net/flatlab/file_upload.html]
[thevectorlab.net/flatlab/basic_table.html]
[thevectorlab.net/flatlab/responsive_table.html]
[thevectorlab.net/flatlab/css/table-responsive.css]
[thevectorlab.net/flatlab/assets/advanced-datatable/media/css/demo_page.css]
[thevectorlab.net/flatlab/assets/advanced-datatable/media/css/demo_table.css]
[thevectorlab.net/flatlab/assets/data-tables/DT_bootstrap.css]
[thevectorlab.net/flatlab/js/jquery-migrate-1.2.1.min.js]
[thevectorlab.net/flatlab/assets/advanced-datatable/media/js/jquery.dataTables.js]
[thevectorlab.net/flatlab/assets/data-tables/DT_bootstrap.js]
[thevectorlab.net/flatlab/js/dynamic_table_init.js]
[thevectorlab.net/flatlab/dynamic_table.html]
[thevectorlab.net/flatlab/assets/data-tables/jquery.dataTables.js]
[thevectorlab.net/flatlab/js/editable-table.js]
[thevectorlab.net/flatlab/editable_table.html]
[thevectorlab.net/flatlab/assets/jquery-file-upload/css/jquery.fileupload-ui.css]
[thevectorlab.net/flatlab/assets/jquery-file-upload/js/vendor/jquery.ui.widget.js]
[thevectorlab.net/flatlab/assets/jquery-file-upload/js/vendor/tmpl.min.js]
[thevectorlab.net/flatlab/assets/jquery-file-upload/js/vendor/load-image.min.js]
[thevectorlab.net/flatlab/assets/jquery-file-upload/js/vendor/canvas-to-blob.min.js]
[thevectorlab.net/flatlab/assets/jquery-file-upload/js/jquery.iframe-transport.js]
[thevectorlab.net/flatlab/assets/jquery-file-upload/js/jquery.fileupload.js]
[thevectorlab.net/flatlab/assets/jquery-file-upload/js/jquery.fileupload-fp.js]
[thevectorlab.net/flatlab/assets/jquery-file-upload/js/jquery.fileupload-ui.js]
[thevectorlab.net/flatlab/inbox.html]
[thevectorlab.net/flatlab/mail_compose.html]
[thevectorlab.net/flatlab/inbox_details.html]
[thevectorlab.net/flatlab/assets/morris.js-0.4.3/morris.css]
[thevectorlab.net/flatlab/img/pro-ac-2.png]
[thevectorlab.net/flatlab/assets/morris.js-0.4.3/morris.min.js]
[thevectorlab.net/flatlab/assets/morris.js-0.4.3/raphael-min.js]
[thevectorlab.net/flatlab/js/morris-script.js]
[thevectorlab.net/flatlab/morris.html]
[thevectorlab.net/flatlab/assets/chart-master/Chart.js]
[thevectorlab.net/flatlab/js/all-chartjs.js]
[thevectorlab.net/flatlab/chartjs.html]
[thevectorlab.net/flatlab/assets/flot/jquery.flot.js]
[thevectorlab.net/flatlab/assets/flot/jquery.flot.resize.js]
[thevectorlab.net/flatlab/assets/flot/jquery.flot.pie.js]
[thevectorlab.net/flatlab/assets/flot/jquery.flot.stack.js]
[thevectorlab.net/flatlab/assets/flot/jquery.flot.crosshair.js]
[thevectorlab.net/flatlab/js/flot-chart.js]
[thevectorlab.net/flatlab/flot_chart.html]
[thevectorlab.net/flatlab/assets/xchart/xcharts.css]
[thevectorlab.net/flatlab/assets/xchart/d3.v3.min.js]
[thevectorlab.net/flatlab/xchart.html]
[thevectorlab.net/flatlab/assets/xchart/xcharts.min.js]
[thevectorlab.net/flatlab/img/product-list/pro-1.jpg]
[thevectorlab.net/flatlab/img/product-list/pro1.jpg]
[thevectorlab.net/flatlab/img/product-list/pro2.jpg]
[thevectorlab.net/flatlab/img/product-list/pro3.jpg]
[thevectorlab.net/flatlab/product_list.html]
[thevectorlab.net/flatlab/img/product-list/pro-thumb-big.jpg]
[thevectorlab.net/flatlab/img/product-list/pro-thumb-1.jpg]
[thevectorlab.net/flatlab/img/product-list/pro-thumb-2.jpg]
[thevectorlab.net/flatlab/img/product-list/pro-thumb-3.jpg]
[thevectorlab.net/flatlab/product_details.html]
[thevectorlab.net/flatlab/js/gmaps.js]
[thevectorlab.net/flatlab/js/gmaps-scripts.js]
[thevectorlab.net/flatlab/google_maps.html]
[thevectorlab.net/flatlab/lobby.html]
[thevectorlab.net/flatlab/chat_room.html]
[thevectorlab.net/flatlab/blank.html]
[thevectorlab.net/flatlab/sidebar_closed.html]
[thevectorlab.net/flatlab/img/chat-attach.jpg]
[thevectorlab.net/flatlab/img/photos/user1.png]
[thevectorlab.net/flatlab/img/photos/user4.png]
[thevectorlab.net/flatlab/img/photos/user2.png]
[thevectorlab.net/flatlab/img/photos/user3.png]
[thevectorlab.net/flatlab/img/photos/user5.png]
[thevectorlab.net/flatlab/people_directory.html]
[thevectorlab.net/flatlab/css/soon.css]
[thevectorlab.net/flatlab/js/soon/plugins.js]
[thevectorlab.net/flatlab/js/soon/custom.js]
[thevectorlab.net/flatlab/coming_soon.html]
[thevectorlab.net/flatlab/lock_screen.html]
[thevectorlab.net/flatlab/profile-activity.html]
[thevectorlab.net/flatlab/profile-edit.html]
[thevectorlab.net/flatlab/profile.html]
[thevectorlab.net/flatlab/img/vector-lab.jpg]
[thevectorlab.net/flatlab/invoice.html]
[thevectorlab.net/flatlab/project_list.html]
[thevectorlab.net/flatlab/project_details.html]
[thevectorlab.net/flatlab/img/file-search/doc.png]
[thevectorlab.net/flatlab/img/file-search/ppt.png]
[thevectorlab.net/flatlab/img/file-search/xls.png]
[thevectorlab.net/flatlab/img/file-search/jpg.png]
[thevectorlab.net/flatlab/img/file-search/zip.png]
[thevectorlab.net/flatlab/img/file-search/pdf.png]
[thevectorlab.net/flatlab/img/file-search/ai.png]
[thevectorlab.net/flatlab/img/file-search/psd.png]
[thevectorlab.net/flatlab/img/file-search/rss.png]
[thevectorlab.net/flatlab/img/file-search/email.png]
[thevectorlab.net/flatlab/img/file-search/eps.png]
[thevectorlab.net/flatlab/search_result.html]
[thevectorlab.net/flatlab/pricing_table.html]
[thevectorlab.net/flatlab/faq.html]
[thevectorlab.net/flatlab/img/fb-img.jpg]
[thevectorlab.net/flatlab/fb_wall.html]
[thevectorlab.net/flatlab/404.html]
[thevectorlab.net/flatlab/500.html]
[thevectorlab.net/flatlab/fonts/glyphicons-halflings-regular.html]
[thevectorlab.net/flatlab/fonts/glyphicons-halflings-regular-2.html]
[thevectorlab.net/flatlab/fonts/glyphicons-halflings-regular.svg]
[thevectorlab.net/flatlab/assets/font-awesome/fonts/fontawesome-webfontba72.html]
[thevectorlab.net/flatlab/assets/font-awesome/fonts/fontawesome-webfontba72.svg]
[thevectorlab.net/flatlab/registration.html]
[thevectorlab.net/flatlab/css/yamm.css]
[thevectorlab.net/flatlab/assets/gritter/images/ie-spacer.gif]
[thevectorlab.net/flatlab/assets/gritter/images/gritter.png]
[thevectorlab.net/flatlab/assets/gritter/images/gritter-light.png]
[thevectorlab.net/flatlab/assets/gritter/css/jquery.gritter.css]
[thevectorlab.net/flatlab/assets/toastr-master/toastr.css]
[thevectorlab.net/flatlab/assets/jquery-ui/images/animated-overlay.gif]
[thevectorlab.net/flatlab/assets/jquery-ui/images/ui-bg_highlight-soft_100_eeeeee_1x100.png]
[thevectorlab.net/flatlab/assets/jquery-ui/images/ui-bg_gloss-wave_35_f6a828_500x100.png]
[thevectorlab.net/flatlab/assets/jquery-ui/images/ui-bg_glass_100_f6f6f6_1x400.png]
[thevectorlab.net/flatlab/assets/jquery-ui/images/ui-bg_glass_100_fdf5ce_1x400.png]
[thevectorlab.net/flatlab/assets/jquery-ui/images/ui-bg_glass_65_ffffff_1x400.png]
[thevectorlab.net/flatlab/assets/jquery-ui/images/ui-bg_highlight-soft_75_ffe45c_1x100.png]
[thevectorlab.net/flatlab/assets/jquery-ui/images/ui-bg_diagonals-thick_18_b81900_40x40.png]
[thevectorlab.net/flatlab/assets/jquery-ui/images/ui-icons_222222_256x240.png]
[thevectorlab.net/flatlab/assets/jquery-ui/images/ui-icons_ffffff_256x240.png]
[thevectorlab.net/flatlab/assets/jquery-ui/images/ui-icons_ef8c08_256x240.png]
[thevectorlab.net/flatlab/assets/jquery-ui/images/ui-icons_228ef1_256x240.png]
[thevectorlab.net/flatlab/assets/jquery-ui/images/ui-icons_ffd27a_256x240.png]
[thevectorlab.net/flatlab/assets/jquery-ui/images/ui-bg_diagonals-thick_20_666666_40x40.png]
[thevectorlab.net/flatlab/assets/jquery-ui/images/ui-bg_flat_10_000000_40x100.png]
[thevectorlab.net/flatlab/assets/jquery-ui/jquery-ui-1.10.1.custom.min.css]
[thevectorlab.net/flatlab/assets/nestable/jquery.nestable.css]
[thevectorlab.net/flatlab/assets/fullcalendar/fullcalendar/bootstrap-fullcalendar.css]
[thevectorlab.net/flatlab/img/favicon-2.html]
[thevectorlab.net/flatlab/assets/fancybox/source/fancybox_sprite.png]
[thevectorlab.net/flatlab/assets/fancybox/source/fancybox_loading.gif]
[thevectorlab.net/flatlab/assets/fancybox/source/blank.gif]
[thevectorlab.net/flatlab/assets/fancybox/source/fancybox_overlay.png]
[thevectorlab.net/flatlab/assets/fancybox/source/jquery.fancybox.css]
[thevectorlab.net/flatlab/css/gallery.css]
[code.jquery.com/ui/1.10.3/themes/smoothness/images/animated-overlay.gif]
[code.jquery.com/ui/1.10.3/themes/smoothness/images/ui-bg_flat_75_ffffff_40x100.png]
[code.jquery.com/ui/1.10.3/themes/smoothness/images/ui-bg_highlight-soft_75_cccccc_1x100.png]
[code.jquery.com/ui/1.10.3/themes/smoothness/images/ui-bg_glass_75_e6e6e6_1x400.png]
[code.jquery.com/ui/1.10.3/themes/smoothness/images/ui-bg_glass_75_dadada_1x400.png]
[code.jquery.com/ui/1.10.3/themes/smoothness/images/ui-bg_glass_65_ffffff_1x400.png]
[code.jquery.com/ui/1.10.3/themes/smoothness/images/ui-bg_glass_55_fbf9ee_1x400.png]
[code.jquery.com/ui/1.10.3/themes/smoothness/images/ui-bg_glass_95_fef1ec_1x400.png]
[code.jquery.com/ui/1.10.3/themes/smoothness/images/ui-icons_222222_256x240.png]
[code.jquery.com/ui/1.10.3/themes/smoothness/images/ui-icons_888888_256x240.png]
[code.jquery.com/ui/1.10.3/themes/smoothness/images/ui-icons_454545_256x240.png]
[code.jquery.com/ui/1.10.3/themes/smoothness/images/ui-icons_2e83ff_256x240.png]
[code.jquery.com/ui/1.10.3/themes/smoothness/images/ui-icons_cd0a0a_256x240.png]
[code.jquery.com/ui/1.10.3/themes/smoothness/images/ui-bg_flat_0_aaaaaa_40x100.png]
[code.jquery.com/ui/1.10.3/themes/smoothness/jquery-ui.css]
[thevectorlab.net/flatlab/css/tasks.css]
[thevectorlab.net/flatlab/assets/fuelux/img/tree-icons.png]
[thevectorlab.net/flatlab/assets/fuelux/css/tree-style.css]
[thevectorlab.net/flatlab/assets/bootstrap-datepicker/css/datepicker.css]
[thevectorlab.net/flatlab/assets/bootstrap-colorpicker/img/saturation.png]
[thevectorlab.net/flatlab/assets/bootstrap-colorpicker/img/hue.png]
[thevectorlab.net/flatlab/assets/bootstrap-colorpicker/img/alpha.png]
[thevectorlab.net/flatlab/assets/bootstrap-colorpicker/css/colorpicker.css]
[thevectorlab.net/flatlab/assets/bootstrap-daterangepicker/daterangepicker.css]
[thevectorlab.net/flatlab/assets/bootstrap-fileupload/bootstrap-fileupload.css]
[thevectorlab.net/flatlab/assets/bootstrap-wysihtml5/bootstrap-wysihtml5.css]
[thevectorlab.net/flatlab/assets/bootstrap-timepicker/compiled/timepicker.css]
[thevectorlab.net/flatlab/assets/bootstrap-daterangepicker/daterangepicker-bs3.css]
[thevectorlab.net/flatlab/assets/bootstrap-datetimepicker/css/datetimepicker.css]
[thevectorlab.net/flatlab/assets/jquery-multi-select/img/switch.png]
[thevectorlab.net/flatlab/assets/jquery-multi-select/css/multi-select.css]
[thevectorlab.net/flatlab/assets/summernote/dist/summernote.css]
[thevectorlab.net/flatlab/css/jquery.steps.css]
[thevectorlab.net/flatlab/assets/dropzone/images/spritemap.png]
[thevectorlab.net/flatlab/assets/dropzone/css/dropzone.css]
[thevectorlab.net/flatlab/assets/dropzone/images/spritemap@2x.png]
[thevectorlab.net/flatlab/assets/jcrop/css/Jcrop.gif]
[thevectorlab.net/flatlab/assets/jcrop/css/jquery.Jcrop.min.css]
[thevectorlab.net/flatlab/css/image-crop.css]
[blueimp.github.io/Gallery/img/loading.gif]
[blueimp.github.io/Gallery/img/error.png]
[blueimp.github.io/Gallery/img/play-pause.png]
[blueimp.github.io/Gallery/img/video-play.png]
[blueimp.github.io/Gallery/css/blueimp-gallery.min.css]
[thevectorlab.net/flatlab/assets/file-uploader/css/jquery.fileupload.css]
[thevectorlab.net/flatlab/assets/file-uploader/img/progressbar.gif]
[thevectorlab.net/flatlab/assets/file-uploader/img/loading.gif]
[thevectorlab.net/flatlab/assets/file-uploader/css/jquery.fileupload-ui.css]
[thevectorlab.net/flatlab/assets/file-uploader/css/jquery.fileupload-noscript.css]
[thevectorlab.net/flatlab/assets/file-uploader/css/jquery.fileupload-ui-noscript.css]
[blueimp.github.io/JavaScript-Load-Image/js/load-image.min.html]
[thevectorlab.net/flatlab/css/table-responsive.css]
[thevectorlab.net/flatlab/assets/advanced-datatable/media/css/demo_page.css]
[thevectorlab.net/flatlab/assets/advanced-datatable/media/images/back_disabled.png]
[thevectorlab.net/flatlab/assets/advanced-datatable/media/images/back_enabled.png]
[thevectorlab.net/flatlab/assets/advanced-datatable/media/images/back_enabled_hover.png]
[thevectorlab.net/flatlab/assets/advanced-datatable/media/images/forward_disabled.png]
[thevectorlab.net/flatlab/assets/advanced-datatable/media/images/forward_enabled.png]
[thevectorlab.net/flatlab/assets/advanced-datatable/media/images/forward_enabled_hover.png]
[thevectorlab.net/flatlab/assets/advanced-datatable/media/images/sort_asc.png]
[thevectorlab.net/flatlab/assets/advanced-datatable/media/images/sort_desc.png]
[thevectorlab.net/flatlab/assets/advanced-datatable/media/images/sort_both.png]
[thevectorlab.net/flatlab/assets/advanced-datatable/media/images/sort_asc_disabled.png]
[thevectorlab.net/flatlab/assets/advanced-datatable/media/images/sort_desc_disabled.png]
[thevectorlab.net/flatlab/assets/advanced-datatable/media/css/demo_table.css]
[thevectorlab.net/flatlab/assets/data-tables/images/sort_both.png]
[thevectorlab.net/flatlab/assets/data-tables/images/sort_asc.png]
[thevectorlab.net/flatlab/assets/data-tables/images/sort_desc.png]
[thevectorlab.net/flatlab/assets/data-tables/images/sort_asc_disabled.png]
[thevectorlab.net/flatlab/assets/data-tables/images/sort_desc_disabled.png]
[thevectorlab.net/flatlab/assets/data-tables/DT_bootstrap.css]
[thevectorlab.net/flatlab/assets/jquery-file-upload/img/progressbar.gif]
[thevectorlab.net/flatlab/assets/jquery-file-upload/img/loading.gif]
[thevectorlab.net/flatlab/assets/jquery-file-upload/css/jquery.fileupload-ui.css]
[thevectorlab.net/flatlab/mail_compose.html]
[thevectorlab.net/flatlab/assets/morris.js-0.4.3/morris.css]
[thevectorlab.net/flatlab/assets/xchart/xcharts.css]
[thevectorlab.net/flatlab/img/slider/1.jpg]
[thevectorlab.net/flatlab/css/soon.css]
[thevectorlab.net/flatlab/profile-activity.html]
[thevectorlab.net/flatlab/profile-edit.html]
[thevectorlab.net/flatlab/css/invoice-print.css]
[thevectorlab.net/flatlab/assets/data-tables/images/sort_asc_disabled.html]
[thevectorlab.net/flatlab/assets/data-tables/images/sort_desc_disabled.html]
